npx : npm info using npm@10.8.2
At line:1 char:1
+ npx next build > build_output.txt 2>&1 ; Get-Content build_output.txt ...
+ ~~~~~~~~~~~~~~~~~~~~~~~~~~~~~~~~~~~~~~
    + CategoryInfo          : NotSpecified: (npm info using npm@10.8.2:String) 
    [], RemoteException
    + FullyQualifiedErrorId : NativeCommandError
 
npm info using node@v20.19.0
npm warn config cache-min This option has been deprecated in favor of 
`--prefer-offline`.
 โ You are using a non-standard "NODE_ENV" value in your environment. This 
creates inconsistencies in the project and is strongly advised against. Read 
more: https://nextjs.org/docs/messages/non-standard-node-env
  โ–ฒ Next.js 14.2.5
  - Environments: .env.production.local, .env.local, .env
  - Experiments (use with caution):
    ยท cpus
    ยท optimizeCss
    ยท scrollRestoration

