
> chiangmaiusedcar-next@1.0.0 prebuild C:\project davelopper\chiangmaiusedcar-setup
> node scripts/check-no-html-imports.cjs

โ ๏ธ  ripgrep not found - skipping .html import check (Vercel build)

> chiangmaiusedcar-next@1.0.0 build C:\project davelopper\chiangmaiusedcar-setup
> cross-env NODE_OPTIONS="--max-old-space-size=10240 --max-semi-space-size=512" UV_THREADPOOL_SIZE=8 NODE_ENV=production next build

โ€ELIFECYCLEโ€ Command failed with exit code 3221226505.
